(Ubicacion: Error de formato en GlobalExceptionHandler; Error: JSON parse error: Cannot deserialize value of type `int` from String "4sdfsd": not a valid `int` value; Fecha del error: 2023-11-01T00:21:12.274597300),
(Ubicacion: Error en VentaController - createVenta; Error: Error al guardar venta y relaciones: No se encontró el artículo con ID 22; Fecha del error: 2023-11-01T00:22:31.437838600),
(Ubicacion: Error de formato en GlobalExceptionHandler; Error: JSON parse error: Cannot deserialize value of type `int` from String "dsadas": not a valid `int` value; Fecha del error: 2023-11-01T00:22:42.525263500),
(Ubicacion: Error de formato en GlobalExceptionHandler; Error: JSON parse error: Cannot deserialize value of type `java.util.ArrayList<java.lang.Object>` from String value (token `JsonToken.VALUE_STRING`); Fecha del error: 2023-11-01T00:26:08.763378),
(Ubicacion: Error en CompraController - devolucionCompra; Error: Error, el id del articulo no corresponde a los articulos de esta compra. ; Fecha del error: 2023-11-01T00:41:41.093213600),
(Ubicacion: Error en CompraController - devolucionCompra; Error: Error al reversar venta. El articulo 5 ya se encuentra devuelto.; Fecha del error: 2023-11-01T00:43:00.378866),
(Ubicacion: Error en CompraController - devolucionCompra; Error: Error, el id del articulo no corresponde a los articulos de esta compra. ; Fecha del error: 2023-11-01T15:41:34.820309500),
(Ubicacion: Error en CompraController - devolucionCompra; Error: Error, el id del articulo no corresponde a los articulos de esta compra. ; Fecha del error: 2023-11-01T15:42:23.439589),
(Ubicacion: Error en CompraController - devolucionCompra; Error: Error, el id del articulo no corresponde a los articulos de esta compra. ; Fecha del error: 2023-11-01T15:42:36.275236400),
(Ubicacion: Error en CompraController - devolucionCompra; Error: Error, el id del articulo no corresponde a los articulos de esta compra. ; Fecha del error: 2023-11-01T15:44:12.445548900),
(Ubicacion: Error en CompraController - devolucionCompra; Error: Error, el id del articulo no corresponde a los articulos de esta compra. ; Fecha del error: 2023-11-01T15:45:18.200544500),
(Ubicacion: Error en CompraController - devolucionCompra; Error: Error, el id del articulo no corresponde a los articulos de esta compra. ; Fecha del error: 2023-11-01T16:09:31.635257600),
(Ubicacion: Error en CompraController - devolucionCompra; Error: Error, el id del articulo no corresponde a los articulos de esta compra. ; Fecha del error: 2023-11-01T16:10:15.572383300),
(Ubicacion: Error en CompraController - devolucionCompra; Error: Error, el id del articulo no corresponde a los articulos de esta compra. ; Fecha del error: 2023-11-01T16:11:01.687244500),
(Ubicacion: Error en CompraController - devolucionCompra; Error: Error, el id del articulo no corresponde a los articulos de esta compra. ; Fecha del error: 2023-11-01T16:12:35.862575900),
(Ubicacion: Error en CompraController - devolucionCompra; Error: Error, el id del articulo no corresponde a los articulos de esta compra. ; Fecha del error: 2023-11-01T16:23:57.125463100),
(Ubicacion: Error en CompraController - devolucionCompra; Error: Error, No existe una compra con este id. ; Fecha del error: 2023-11-01T16:24:35.318651200),
(Ubicacion: Error en CompraController - devolucionCompra; Error: Error, No existe una compra con este id. ; Fecha del error: 2023-11-01T16:24:47.742208800),
(Ubicacion: Error de formato en GlobalExceptionHandler; Error: JSON parse error: Cannot deserialize value of type `java.lang.Integer` from String "ww": not a valid `java.lang.Integer` value; Fecha del error: 2023-11-01T16:24:54.267631600),
(Ubicacion: Error en CompraController - devolucionCompra; Error: Cannot invoke "java.lang.Integer.intValue()" because "idCompra" is null; Fecha del error: 2023-11-01T16:25:54.864152800),
